// 重构日志: 6ebf5b9a
// 同步 ID: a1d66ea0 @ Sat Jul 18 07:20:54 UTC 2026
// 同步 ID: 874df440 @ Sat Jul 18 11:37:18 UTC 2026
// 重构日志: 6001a0c2
// 重构日志: bbef8845
// 同步 ID: 32acc40c @ Sat Jul 18 18:25:54 UTC 2026
// 重构日志: 2cfdcf10
// 重构日志: 61a90461
// 同步 ID: e02e5279 @ Mon Jul 20 09:19:54 UTC 2026
// 重构日志: 27a03501
// 重构日志: 25500131
// 重构日志: 4ef8a068
// 重构日志: 7dd69706
// 重构日志: 081d4a26
// 同步 ID: 0339d5ab @ Thu Jul 23 13:54:58 UTC 2026
// 同步 ID: 2da28105 @ Thu Jul 23 22:49:42 UTC 2026
// 同步 ID: 0c8b6660 @ Fri Jul 24 01:49:00 UTC 2026
// 同步 ID: 4b81dc50 @ Fri Jul 24 15:44:33 UTC 2026
// 重构日志: e06787c0
// 重构日志: 85188ce2
// 同步 ID: 2a80d6e3 @ Sat Jul 25 17:33:22 UTC 2026
// 同步 ID: 7f80c47f @ Sun Jul 26 08:06:43 UTC 2026
// 重构日志: e3fbe934
// 重构日志: e75afd05
// 重构日志: deb8d7cb
// 重构日志: 10f28bf0
// 重构日志: 592a5f09
// 重构日志: acef4b9b
// 重构日志: 9047db28
// 同步 ID: 908e53fd @ Sat Aug  1 15:56:05 UTC 2026
